Java HotSpot(TM) 64-Bit Server VM warning: ignoring option HandlePromotionFailure; support was removed in 6.0_24
[GC [PSYoungGen: 7140K->799K(9216K)] 7140K->4895K(19456K), 0.0017526 secs] [Times: user=0.00 sys=0.00, real=0.00 secs] 
[GC [PSYoungGen: 7200K->719K(9216K)] 11296K->4815K(19456K), 0.0008240 secs] [Times: user=0.00 sys=0.00, real=0.00 secs] 
Heap
 PSYoungGen      total 9216K, used 2931K [0x00000000ff600000, 0x0000000100000000, 0x0000000100000000)
  eden space 8192K, 27% used [0x00000000ff600000,0x00000000ff828fd0,0x00000000ffe00000)
  from space 1024K, 70% used [0x00000000fff00000,0x00000000fffb3c78,0x0000000100000000)
  to   space 1024K, 0% used [0x00000000ffe00000,0x00000000ffe00000,0x00000000fff00000)
 ParOldGen       total 10240K, used 4096K [0x00000000fec00000, 0x00000000ff600000, 0x00000000ff600000)
  object space 10240K, 40% used [0x00000000fec00000,0x00000000ff000020,0x00000000ff600000)
 PSPermGen       total 21504K, used 2575K [0x00000000f9a00000, 0x00000000faf00000, 0x00000000fec00000)
  object space 21504K, 11% used [0x00000000f9a00000,0x00000000f9c83f78,0x00000000faf00000)
