[GC[ParNew
Desired survivor size 524288 bytes, new threshold 1 (max 15)
- age   1:    1044224 bytes,    1044224 total
: 5604K->1023K(9216K), 0.0043152 secs] 5604K->1175K(19456K), 0.0043870 secs] [Times: user=0.08 sys=0.00, real=0.00 secs] 
Heap
 par new generation   total 9216K, used 5447K [0x00000000f9a00000, 0x00000000fa400000, 0x00000000fa400000)
  eden space 8192K,  54% used [0x00000000f9a00000, 0x00000000f9e51f90, 0x00000000fa200000)
  from space 1024K,  99% used [0x00000000fa300000, 0x00000000fa3fff00, 0x00000000fa400000)
  to   space 1024K,   0% used [0x00000000fa200000, 0x00000000fa200000, 0x00000000fa300000)
 tenured generation   total 10240K, used 152K [0x00000000fa400000, 0x00000000fae00000, 0x00000000fae00000)
   the space 10240K,   1% used [0x00000000fa400000, 0x00000000fa426000, 0x00000000fa426000, 0x00000000fae00000)
 compacting perm gen  total 21248K, used 2575K [0x00000000fae00000, 0x00000000fc2c0000, 0x0000000100000000)
   the space 21248K,  12% used [0x00000000fae00000, 0x00000000fb083f10, 0x00000000fb084000, 0x00000000fc2c0000)
No shared spaces configured.
