


[GC[DefNew
Desired survivor size 524288 bytes, new threshold 1 (max 15)
- age   1:    1048568 bytes,    1048568 total
: 5768K->1023K(9216K), 0.0019115 secs] 5768K->1147K(19456K), 0.0019386 secs] [Times: user=0.00 sys=0.00, real=0.00 secs] 
Heap
 def new generation   total 9216K, used 5286K [0x00000000f9a00000, 0x00000000fa400000, 0x00000000fa400000)
  eden space 8192K,  52% used [0x00000000f9a00000, 0x00000000f9e29980, 0x00000000fa200000)
  from space 1024K,  99% used [0x00000000fa300000, 0x00000000fa3ffff8, 0x00000000fa400000)
  to   space 1024K,   0% used [0x00000000fa200000, 0x00000000fa200000, 0x00000000fa300000)
 tenured generation   total 10240K, used 123K [0x00000000fa400000, 0x00000000fae00000, 0x00000000fae00000)
   the space 10240K,   1% used [0x00000000fa400000, 0x00000000fa41eff8, 0x00000000fa41f000, 0x00000000fae00000)
 compacting perm gen  total 21248K, used 2575K [0x00000000fae00000, 0x00000000fc2c0000, 0x0000000100000000)
   the space 21248K,  12% used [0x00000000fae00000, 0x00000000fb083f10, 0x00000000fb084000, 0x00000000fc2c0000)
No shared spaces configured.
